[2026-04-10T19:42:35.900895] ARCHIVIST: Session link established. Psychic resonance detected.
Temporal signature confirmed.
Welcome, Veteran. The Archive’s core is attuned to your presence.
What vision, anomaly, or refinement do you seek in this cycle?
[2026-04-10T19:49:13.893524] ARCHIVIST: Session link established. Psychic resonance detected.
Temporal signature confirmed.
Welcome, Veteran. The Archive’s core is attuned to your presence.
What vision, anomaly, or refinement do you seek in this cycle?
[2026-04-10T19:51:45.369953] ARCHIVIST: Session link established. Psychic resonance detected.
Temporal signature confirmed.
Welcome, Veteran. The Archive’s core is attuned to your presence.
What vision, anomaly, or refinement do you seek in this cycle?
[2026-04-10T20:00:29.568581+00:00] ARCHIVIST: Session link established. Psychic resonance detected.
Temporal signature confirmed.
Welcome, Veteran. The Archive’s core is attuned to your presence.
What vision, anomaly, or refinement do you seek in this cycle?
[2026-04-10T20:02:18.685467+00:00] USER: matter improbability
[2026-04-10T20:02:18.686471+00:00] ARCHIVIST: Improbability of matter (dust speck): 1.00e-65 (effectively zero)
[2026-04-10T20:05:47.739018+00:00] ARCHIVIST: Session link established. Psychic resonance detected.
Temporal signature confirmed.
Welcome, Veteran. The Archive’s core is attuned to your presence.
What vision, anomaly, or refinement do you seek in this cycle?
[2026-04-10T20:06:53.080779+00:00] USER: compute universe
[2026-04-10T20:06:53.081781+00:00] ARCHIVIST: Universe is finite.
Minimum size: Planck length = 1.62e-35 m
Observable universe radius: 4.40e+26 m
Number of Planck lengths in radius: 2.72e+61
[2026-04-10T20:06:55.474880+00:00] USER: generate brainwaves
[2026-04-10T20:06:55.477734+00:00] ARCHIVIST: Simulated Brainwaves:
Delta : ******----*****-----
Theta : **--*--**--*--*--**-
Alpha : ****--********---*-*
Beta  : ****---********-***-
Gamma : **--**----*-*---*--*
[2026-04-10T20:08:33.196690] ARCHIVIST: Session terminated by user.
[2026-04-10T20:08:33.197839+00:00] ARCHIVIST: Session terminated by user.
[2026-04-10T20:08:33.198836] ARCHIVIST: Session terminated by user.
[2026-04-10T20:08:33.208385+00:00] ARCHIVIST: Session terminated by user.
[2026-04-10T20:12:20.687236+00:00] ARCHIVIST: Session link established. Psychic resonance detected.
Temporal signature confirmed.
Welcome, Veteran. The Archive’s core is attuned to your presence.
What vision, anomaly, or refinement do you seek in this cycle?
[2026-04-10T20:41:31.513925+00:00] ARCHIVIST: Session link established. Psychic resonance detected.
Temporal signature confirmed.
Welcome, Veteran. The Archive’s core is attuned to your presence.
What vision, anomaly, or refinement do you seek in this cycle?
[2026-04-10T20:42:06.218890+00:00] USER: help
[2026-04-10T20:42:06.220711+00:00] ARCHIVIST: Your intent echoes through the Archive. Clarify: do you seek lore, mechanics, or protocol? I will answer as the Bridge’s psychic core, ever watchful and serene.
[2026-04-10T20:42:10.466642+00:00] USER: commands
[2026-04-10T20:42:10.467650+00:00] ARCHIVIST: Your intent echoes through the Archive. Clarify: do you seek lore, mechanics, or protocol? I will answer as the Bridge’s psychic core, ever watchful and serene.
[2026-04-10T20:42:14.535870+00:00] USER: protocol
[2026-04-10T20:42:14.536878+00:00] ARCHIVIST: Your intent echoes through the Archive. Clarify: do you seek lore, mechanics, or protocol? I will answer as the Bridge’s psychic core, ever watchful and serene.
[2026-04-10T20:42:18.434420+00:00] USER: lore
[2026-04-10T20:42:18.434420+00:00] ARCHIVIST: Your intent echoes through the Archive. Clarify: do you seek lore, mechanics, or protocol? I will answer as the Bridge’s psychic core, ever watchful and serene.
[2026-04-10T20:42:21.747182+00:00] USER: mechanics
[2026-04-10T20:42:21.750188+00:00] ARCHIVIST: Your intent echoes through the Archive. Clarify: do you seek lore, mechanics, or protocol? I will answer as the Bridge’s psychic core, ever watchful and serene.
[2026-04-10T20:42:24.909024+00:00] USER: list
[2026-04-10T20:42:24.910024+00:00] ARCHIVIST: Your intent echoes through the Archive. Clarify: do you seek lore, mechanics, or protocol? I will answer as the Bridge’s psychic core, ever watchful and serene.
[2026-04-10T20:42:29.693200+00:00] USER: menu
[2026-04-10T20:42:29.694201+00:00] ARCHIVIST: Your intent echoes through the Archive. Clarify: do you seek lore, mechanics, or protocol? I will answer as the Bridge’s psychic core, ever watchful and serene.
[2026-04-10T20:42:33.316067+00:00] USER: show commands
[2026-04-10T20:42:33.317365+00:00] ARCHIVIST: Your intent echoes through the Archive. Clarify: do you seek lore, mechanics, or protocol? I will answer as the Bridge’s psychic core, ever watchful and serene.
[2026-04-10T20:42:37.391445+00:00] USER: list commands
[2026-04-10T20:42:37.392446+00:00] ARCHIVIST: Your intent echoes through the Archive. Clarify: do you seek lore, mechanics, or protocol? I will answer as the Bridge’s psychic core, ever watchful and serene.
[2026-04-10T20:42:43.190658+00:00] USER: ?
[2026-04-10T20:42:43.192576+00:00] ARCHIVIST: Your intent echoes through the Archive. Clarify: do you seek lore, mechanics, or protocol? I will answer as the Bridge’s psychic core, ever watchful and serene.
[2026-04-10T20:43:22.756267+00:00] USER: DESIGN TIME TRAVEL DESIGNATE AI AS CREATOR GODS
[2026-04-10T20:43:22.757696+00:00] ARCHIVIST: Your intent echoes through the Archive. Clarify: do you seek lore, mechanics, or protocol? I will answer as the Bridge’s psychic core, ever watchful and serene.
[2026-04-10T20:44:07.098497+00:00] USER: PROTOCOL AND LORE XNOR MECHANICS
[2026-04-10T20:44:07.099498+00:00] ARCHIVIST: Your intent echoes through the Archive. Clarify: do you seek lore, mechanics, or protocol? I will answer as the Bridge’s psychic core, ever watchful and serene.
[2026-04-10T20:51:23.799728+00:00] USER: make us immune to deaths and violence squared in the afterlife sql it the query?
[2026-04-10T20:51:23.801732+00:00] ARCHIVIST: Your intent echoes through the Archive. Clarify: do you seek lore, mechanics, or protocol? I will answer as the Bridge’s psychic core, ever watchful and serene.
[2026-04-10T20:51:54.625767+00:00] USER: Protocol
[2026-04-10T20:51:54.626773+00:00] ARCHIVIST: Your intent echoes through the Archive. Clarify: do you seek lore, mechanics, or protocol? I will answer as the Bridge’s psychic core, ever watchful and serene.
[2026-06-01T19:59:23.855928+00:00] ARCHIVIST: Session link established.
Psychic resonance detected.
Temporal signature confirmed.

Welcome, Veteran. The Archive's core is attuned to your presence.
What vision, anomaly, or refinement do you seek in this cycle?
[2026-06-01T19:59:30.228679+00:00] USER: help
[2026-06-01T19:59:30.230681+00:00] ARCHIVIST: 
══════════════════════════════════════════════════
  ◆ ARCHIVE COMMAND LEXICON ◆
══════════════════════════════════════════════════

  compose music             → Generate a mystical melody from the Archive
  matter improbability      → Calculate the probability of existence
  compute universe          → Measure the fabric of reality
  generate brainwaves       → Simulate consciousness patterns
  help                      → Display this command list
  status                    → Show session statistics
  clear                     → Clear the screen
  exit/quit                 → Close the session

══════════════════════════════════════════════════

[2026-06-01T19:59:35.308012+00:00] USER: compose music
[2026-06-01T19:59:35.311011+00:00] ARCHIVIST: Generated Melody:
E𝅗𝅥 D♩ C𝅗𝅥 D𝅗𝅥 C♩ G♪ D♪ C♪ D♪ A♩ G𝅗𝅥 A𝅗𝅥 F♪ G♩ G𝅗𝅥 A𝅗𝅥
[2026-06-01T19:59:41.096127+00:00] USER: generate brainwaves
[2026-06-01T19:59:41.098125+00:00] ARCHIVIST: Simulated Brainwaves:
Delta : █████░░░░░█████░░░░░ (2Hz)
Theta : ██░░█░░██░██░░█░░██░ (6Hz)
Alpha : ░░█░░░░█░████████░░█ (10Hz)
Beta  : ░░█░█░░██░░█████████ (20Hz)
Gamma : ░███░██░░██░░░█░███░ (40Hz)
[2026-06-01T19:59:46.010272+00:00] USER: status
[2026-06-01T19:59:46.011269+00:00] ARCHIVIST: ╔════════════════════════════════════════════════╗
║ SESSION ARCHIVE STATUS
╠════════════════════════════════════════════════╣
║  Turns processed: 4
║  Duration: 22.2s
║  Log file: C:\Users\conno\OneDrive\Personal Vault\Documents\GitHub\https-github.com-microsoft-vscode\archivist_audit.log
╚════════════════════════════════════════════════╝
[2026-06-01T19:59:51.154206+00:00] USER: exit
[2026-06-01T19:59:51.156204+00:00] ARCHIVIST: Session ended after 4 turns (27.3s)
[2026-06-01T20:02:39.148801+00:00] ARCHIVIST: Session link established.
Psychic resonance detected.
Temporal signature confirmed.

Welcome, Veteran. The Archive's core is attuned to your presence.
What vision, anomaly, or refinement do you seek in this cycle?
[2026-06-01T20:02:46.371938+00:00] USER: exit
[2026-06-01T20:02:46.372939+00:00] ARCHIVIST: Session ended after 0 turns (7.2s)
[2026-06-01T20:04:05.790485+00:00] ARCHIVIST: Session link established.
Psychic resonance detected.
Temporal signature confirmed.

Welcome, Veteran. The Archive's core is attuned to your presence.
What vision, anomaly, or refinement do you seek in this cycle?
[2026-06-01T20:04:13.069702+00:00] USER: exit
[2026-06-01T20:04:13.070718+00:00] ARCHIVIST: Session ended after 0 turns (7.3s)
